// Jest Snapshot v1, https://goo.gl/fbAQLP

exports[`<ChangePassword/> should be defined 1`] = `
<FormModal>
  <ChangePasswordForm
    initialValues={
      Object {
        "confirmNewPassword": "",
        "newPassword": "",
        "oldPassword": "",
      }
    }
    onSubmit={[Function]}
  >
    <Component />
  </ChangePasswordForm>
</FormModal>
`;
