// Jest Snapshot v1, https://goo.gl/fbAQLP

exports[`<Portal/> should be defined 1`] = `
<PageHoc>
  <EmotionCssPropInternal
    __EMOTION_LABEL_PLEASE_DO_NOT_USE__="Portal"
    __EMOTION_TYPE_PLEASE_DO_NOT_USE__="div"
    className="portal-wrapper"
    css={
      Object {
        "map": undefined,
        "name": "1hb5ipa",
        "next": undefined,
        "styles": "

  &:after {
    content: '';
    clear: both;
    display: table;
  }
  .sidebar-wrapper {
    width: 20%;
    position: sticky;
    top: 0;
    left: 0;
  }
  
  .content-wrapper {
    width: 80%;
    padding-left: 20px;  
    border-left: 1px solid rgba(0, 0, 0, 0.15);
  }
  
  .content-wrapper, .sidebar-wrapper {
    float: left;
    padding-top: 20px;  
  }
",
      }
    }
  >
    <aside
      className="sidebar-wrapper"
    >
      <Connect(Sidebar)
        links={
          Array [
            Object {
              "label": "Dashboard",
              "url": "/dashboard",
            },
            Object {
              "label": "Contributions",
              "url": "/contributions",
            },
            Object {
              "label": "Expenses",
              "url": "/expenses",
            },
            Object {
              "label": "Visualize",
              "url": "/visualize",
            },
            Object {
              "label": "Manage Portal",
              "url": "/manage",
            },
          ]
        }
      />
    </aside>
    <main
      className="content-wrapper"
    >
      <Route
        render={[Function]}
      />
    </main>
  </EmotionCssPropInternal>
</PageHoc>
`;
