// Jest Snapshot v1, https://goo.gl/fbAQLP

exports[`<Portal/> should be defined 1`] = `
<PageHoc>
  <EmotionCssPropInternal
    __EMOTION_LABEL_PLEASE_DO_NOT_USE__="Portal"
    __EMOTION_TYPE_PLEASE_DO_NOT_USE__="div"
    className="portal-wrapper"
    css={
      Object {
        "map": undefined,
        "name": "1j037t",
        "next": undefined,
        "styles": "
  .content-wrapper {
    padding-left: 20px;
    padding-right: 20px;
  }

  .content-wrapper {
    padding-top: 20px;
  }
  
  @media only screen and (min-width : 993px) {
    
    .sidebar-wrapper {
      padding-top: 20px;
    }
  
    &.portal-wrapper {
      display: flex;
    }
    
    .sidebar-wrapper {
      width: 20%;
      
      > div {
        position: sticky;
        top: 10px;
        left: 0;
      }
    }
    
    
    .content-wrapper { 
      width: 80%;
      border-left: 1px solid rgba(0, 0, 0, 0.15);
    }
  }
",
      }
    }
  >
    <aside
      className="sidebar-wrapper"
    >
      <Connect(Sidebar) />
    </aside>
    <main
      className="content-wrapper"
    >
      <Connect(WithPermissions)>
        <Route
          render={[Function]}
        />
      </Connect(WithPermissions)>
    </main>
  </EmotionCssPropInternal>
  <Connect(Modal) />
</PageHoc>
`;
