// Jest Snapshot v1, https://goo.gl/fbAQLP

exports[`<Dashboard/> should be defined 1`] = `
<PageHoc>
  <EmotionCssPropInternal
    __EMOTION_LABEL_PLEASE_DO_NOT_USE__="DashboardPage"
    __EMOTION_TYPE_PLEASE_DO_NOT_USE__="div"
    css={
      Object {
        "map": undefined,
        "name": "1b36yd",
        "next": undefined,
        "styles": "
  .cards-wrapper {
    margin-top: calc(2vw + 10px);

    .card:first-of-type {
      padding: 20px;
    }

    .card:nth-child(2) {
      padding: 20px;
    }

    .card {
      border: 2px solid rgba(0,0,0,0.15);
      padding: 20px;
    }
  }

  @media only screen and (min-width : 601px) {
    .cards-wrapper {
      display: flex;
      flex-wrap: wrap;

      .left-cards:first-of-type {
        flex: 3;
        margin-right: 10px;
      }

      .right-cards:nth-child(2) {
        flex: 2;
        margin-left: 10px;
        display: flex;
        flex-direction: column;
        justify-content: space-between;
      }

      .card.small {
        height: 48%;
      }
      .card.bottom {
        flex: 5;
      }
    }
  }
",
      }
    }
  >
    <h1>
      Dashboard
    </h1>
    <div
      className="cards-wrapper"
    >
      <div
        className="left-cards"
      >
        <div
          className="card large"
        >
          <Connect(SummaryCard) />
        </div>
      </div>
      <div
        className="right-cards"
      >
        <div
          className="card small"
          style={
            Object {
              "position": "relative",
            }
          }
        >
          <SearchCard />
          <EmotionCssPropInternal
            __EMOTION_LABEL_PLEASE_DO_NOT_USE__="DashboardPage"
            __EMOTION_TYPE_PLEASE_DO_NOT_USE__="div"
            css={
              Object {
                "map": undefined,
                "name": "n6rjmm",
                "next": undefined,
                "styles": "
  position: absolute;
  top: 0;
  right: 0;
  bottom: 0;
  left: 0;
  background-color: rgba(240, 240, 240, 0.8);
  z-index: 1000;
  display: flex;
  justify-content: center;
  align-items: flex-end;

  &:before {
    content: 'Coming Soon ...';
    font-size: 20px;
    color: #888;
    margin-bottom: 20px;
  }
",
              }
            }
          />
        </div>
        <div
          className="card small"
        >
          <LinksCard
            links={
              Array [
                Object {
                  "label": "Add Contribution",
                  "path": "/contributions",
                },
                Object {
                  "label": "Add Expense",
                  "path": "/expenses",
                },
                Object {
                  "label": "Invite User",
                  "path": "/manage-portal",
                },
                Object {
                  "label": "Reset Password",
                  "path": "/reset-password",
                },
              ]
            }
          />
        </div>
      </div>
    </div>
    <div
      className="cards-wrapper"
    >
      <div
        className="card bottom"
      >
        <Connect(ActivityStreamCard) />
      </div>
    </div>
  </EmotionCssPropInternal>
</PageHoc>
`;
