// Jest Snapshot v1, https://goo.gl/fbAQLP

exports[`<Dashboard/> should be defined 1`] = `
<PageHoc>
  <EmotionCssPropInternal
    __EMOTION_LABEL_PLEASE_DO_NOT_USE__="DashboardPage"
    __EMOTION_TYPE_PLEASE_DO_NOT_USE__="div"
    css={
      Object {
        "map": undefined,
        "name": "1gsexpo",
        "next": undefined,
        "styles": "   

  .cards-wrapper {
    margin-top: calc(2vw + 10px);
    
    .card:first-of-type {
      padding: 20px;
    }
    
    .card:nth-child(2) {
      padding: 20px;    
    }
    
    .card {
       border: 2px solid rgba(0,0,0,0.15);
       padding: 20px;
    }
  }
  
  @media only screen and (min-width : 601px) {
    .cards-wrapper {
        display: flex;
        
        .card:first-of-type {
            flex: 3;
            margin-right: 10px;
        }
            
        .card:nth-child(2) {
          flex: 2;
          margin-left: 10px;
        }
      }  
  }
  
",
      }
    }
  >
    <h1>
      Dashboard
    </h1>
    <div
      className="cards-wrapper"
    >
      <div
        className="card"
      >
        <ContributionsCard />
      </div>
      <div
        className="card"
      >
        <LinksCard
          links={Array []}
        />
      </div>
    </div>
  </EmotionCssPropInternal>
</PageHoc>
`;
