// Jest Snapshot v1, https://goo.gl/fbAQLP

exports[`<UpdateForgottenPassword/> should be defined 1`] = `
<PageHoc>
  <EmotionCssPropInternal
    __EMOTION_TYPE_PLEASE_DO_NOT_USE__="div"
    css={
      Object {
        "map": undefined,
        "name": "rtcq9b",
        "next": undefined,
        "styles": "
  max-width: 350px;
  .paper {
    margin-top: 30px,
    display: flex;
    flex-direction: column;
    align-items: center;
    padding: 40px 40px;
  }
  .form-title {
    font-size: 35px;
    letter-spacing: -2px;
    margin: 10px 0px;
    text-align: center;
  }
  
  .user-signedup {
    display: flex;
    justify-content: center;
  }
  
  .user-signedup p {
    margin: 50px 0;
    text-align: center;
  }
  
  .checkMark {
  	position: absolute;
    transform: translate(10px, -4px);
    margin: 0
  }
  .campaignName {
  	font-size: 20px;
  }
  
  
",
      }
    }
  >
    <WithStyles(Paper)
      className="paper"
      elevation={1}
    >
      <p
        className="form-title"
      >
        Update Forgotten Password
      </p>
      <Formik
        enableReinitialize={false}
        initialValues={
          Object {
            "confirmNewPassword": "",
            "newPassword": "",
          }
        }
        isInitialValid={false}
        onReset={[Function]}
        onSubmit={[Function]}
        render={[Function]}
        validateOnBlur={true}
        validateOnChange={true}
        validationSchema={
          ObjectSchema {
            "_blacklist": RefSet {
              "list": Set {},
              "refs": Map {},
            },
            "_conditions": Array [],
            "_defaultDefault": [Function],
            "_deps": Array [],
            "_excludedEdges": Array [],
            "_exclusive": Object {},
            "_mutate": undefined,
            "_nodes": Array [
              "confirmNewPassword",
              "newPassword",
            ],
            "_options": Object {
              "abortEarly": true,
              "recursive": true,
            },
            "_type": "object",
            "_typeError": [Function],
            "_whitelist": RefSet {
              "list": Set {},
              "refs": Map {},
            },
            "fields": Object {
              "confirmNewPassword": StringSchema {
                "_blacklist": RefSet {
                  "list": Set {},
                  "refs": Map {},
                },
                "_conditions": Array [],
                "_deps": Array [],
                "_exclusive": Object {
                  "required": true,
                },
                "_mutate": undefined,
                "_options": Object {
                  "abortEarly": true,
                  "recursive": true,
                },
                "_type": "string",
                "_typeError": [Function],
                "_whitelist": RefSet {
                  "list": Set {
                    null,
                  },
                  "refs": Map {
                    "newPassword" => Reference {
                      "getter": [Function],
                      "isContext": false,
                      "isSibling": true,
                      "isValue": false,
                      "key": "newPassword",
                      "map": undefined,
                      "path": "newPassword",
                    },
                  },
                },
                "_whitelistError": [Function],
                "tests": Array [
                  [Function],
                ],
                "transforms": Array [
                  [Function],
                ],
              },
              "newPassword": StringSchema {
                "_blacklist": RefSet {
                  "list": Set {},
                  "refs": Map {},
                },
                "_conditions": Array [],
                "_deps": Array [],
                "_exclusive": Object {
                  "min": true,
                  "required": true,
                },
                "_mutate": undefined,
                "_options": Object {
                  "abortEarly": true,
                  "recursive": true,
                },
                "_type": "string",
                "_typeError": [Function],
                "_whitelist": RefSet {
                  "list": Set {},
                  "refs": Map {},
                },
                "tests": Array [
                  [Function],
                  [Function],
                ],
                "transforms": Array [
                  [Function],
                ],
              },
            },
            "tests": Array [],
            "transforms": Array [
              [Function],
            ],
          }
        }
      />
    </WithStyles(Paper)>
  </EmotionCssPropInternal>
</PageHoc>
`;
